  #ts device       rd_s rd_avkb rd_mb_s rd_mrg rd_cnc   rd_rt    wr_s wr_avkb wr_mb_s wr_mrg wr_cnc   wr_rt busy in_prg    io_s  qtime stime
  {2} loop0         0.0     0.0     0.0     0%    0.0     0.0     0.0     0.0     0.0     0%    0.0     0.0   0%      0     0.0    0.0   0.0
  {2} loop1         0.0     0.0     0.0     0%    0.0     0.0     0.0     0.0     0.0     0%    0.0     0.0   0%      0     0.0    0.0   0.0
  {2} loop2         0.0     0.0     0.0     0%    0.0     0.0     0.0     0.0     0.0     0%    0.0     0.0   0%      0     0.0    0.0   0.0
  {2} loop3         0.0     0.0     0.0     0%    0.0     0.0     0.0     0.0     0.0     0%    0.0     0.0   0%      0     0.0    0.0   0.0
  {2} loop4         0.0     0.0     0.0     0%    0.0     0.0     0.0     0.0     0.0     0%    0.0     0.0   0%      0     0.0    0.0   0.0
  {2} loop5         0.0     0.0     0.0     0%    0.0     0.0     0.0     0.0     0.0     0%    0.0     0.0   0%      0     0.0    0.0   0.0
  {2} loop6         0.0     0.0     0.0     0%    0.0     0.0     0.0     0.0     0.0     0%    0.0     0.0   0%      0     0.0    0.0   0.0
  {2} loop7         0.0     0.0     0.0     0%    0.0     0.0     0.0     0.0     0.0     0%    0.0     0.0   0%      0     0.0    0.0   0.0
  {2} nvme0n1       0.0     0.0     0.0     0%    0.0     0.0   105.6     7.9     0.8    41%    0.1     0.4   7% 17128220   105.6   -0.0   0.4
  {2} nvme0n1p1     0.0     0.0     0.0     0%    0.0     0.0     0.0     0.0     0.0     0%    0.0     0.0   0%      0     0.0    0.0   0.0
  {2} nvme0n1p2     0.0     0.0     0.0     0%    0.0     0.0     0.0     0.0     0.0     0%    0.0     0.0   0%      0     0.0    0.0   0.0
  {2} nvme0n1p3     0.0     0.0     0.0     0%    0.0     0.0   105.6     7.9     0.8    41%    0.1     0.4   7%      0   105.6   -0.0   0.4
  {2} dm-0          0.0     0.0     0.0     0%    0.0     0.0   178.3     4.7     0.8     0%    0.2     1.1   7%      0   178.3    0.8   0.4
  {2} dm-1          0.0     0.0     0.0     0%    0.0     0.0   178.3     4.7     0.8     0%    0.2     1.1   7%      0   178.3    0.8   0.4
  {2} dm-2          0.0     0.0     0.0     0%    0.0     0.0     0.0     0.0     0.0     0%    0.0     0.0   0%      0     0.0    0.0   0.0
  {2} loop8         0.0     0.0     0.0     0%    0.0     0.0     0.0     0.0     0.0     0%    0.0     0.0   0%      0     0.0    0.0   0.0
  {2} loop9         0.0     0.0     0.0     0%    0.0     0.0     0.0     0.0     0.0     0%    0.0     0.0   0%      0     0.0    0.0   0.0
  {2} loop10        0.0     0.0     0.0     0%    0.0     0.0     0.0     0.0     0.0     0%    0.0     0.0   0%      0     0.0    0.0   0.0
  {2} loop11        0.0     0.0     0.0     0%    0.0     0.0     0.0     0.0     0.0     0%    0.0     0.0   0%      0     0.0    0.0   0.0
  {2} loop12        0.0     0.0     0.0     0%    0.0     0.0     0.0     0.0     0.0     0%    0.0     0.0   0%      0     0.0    0.0   0.0
  {2} loop13        0.0     0.0     0.0     0%    0.0     0.0     0.0     0.0     0.0     0%    0.0     0.0   0%      0     0.0    0.0   0.0
  {2} loop14        0.0     0.0     0.0     0%    0.0     0.0     0.0     0.0     0.0     0%    0.0     0.0   0%      0     0.0    0.0   0.0
  {2} loop15        0.0     0.0     0.0     0%    0.0     0.0     0.0     0.0     0.0     0%    0.0     0.0   0%      0     0.0    0.0   0.0
  {2} loop16        0.0     0.0     0.0     0%    0.0     0.0     0.0     0.0     0.0     0%    0.0     0.0   0%      0     0.0    0.0   0.0
  {2} loop17        0.0     0.0     0.0     0%    0.0     0.0     0.0     0.0     0.0     0%    0.0     0.0   0%      0     0.0    0.0   0.0
  {2} loop18        0.0     0.0     0.0     0%    0.0     0.0     0.0     0.0     0.0     0%    0.0     0.0   0%      0     0.0    0.0   0.0
  {2} loop19        0.0     0.0     0.0     0%    0.0     0.0     0.0     0.0     0.0     0%    0.0     0.0   0%      0     0.0    0.0   0.0
  {2} loop21        0.0     0.0     0.0     0%    0.0     0.0     0.0     0.0     0.0     0%    0.0     0.0   0%      0     0.0    0.0   0.0
  {2} loop20        0.0     0.0     0.0     0%    0.0     0.0     0.0     0.0     0.0     0%    0.0     0.0   0%      0     0.0    0.0   0.0
  {2} loop22        0.0     0.0     0.0     0%    0.0     0.0     0.0     0.0     0.0     0%    0.0     0.0   0%      0     0.0    0.0   0.0
  {2} loop23        0.0     0.0     0.0     0%    0.0     0.0     0.0     0.0     0.0     0%    0.0     0.0   0%      0     0.0    0.0   0.0
  {2} loop24        0.0     0.0     0.0     0%    0.0     0.0     0.0     0.0     0.0     0%    0.0     0.0   0%      0     0.0    0.0   0.0
  {2} loop26        0.0     0.0     0.0     0%    0.0     0.0     0.0     0.0     0.0     0%    0.0     0.0   0%      0     0.0    0.0   0.0
  {2} loop25        0.0     0.0     0.0     0%    0.0     0.0     0.0     0.0     0.0     0%    0.0     0.0   0%      0     0.0    0.0   0.0
  {2} loop27        0.0     0.0     0.0     0%    0.0     0.0     0.0     0.0     0.0     0%    0.0     0.0   0%      0     0.0    0.0   0.0
  {2} loop28        0.0     0.0     0.0     0%    0.0     0.0     0.0     0.0     0.0     0%    0.0     0.0   0%      0     0.0    0.0   0.0
  {2} loop29        0.0     0.0     0.0     0%    0.0     0.0     0.0     0.0     0.0     0%    0.0     0.0   0%      0     0.0    0.0   0.0
