  #ts device    rd_s rd_avkb rd_mb_s rd_mrg rd_cnc   rd_rt    wr_s wr_avkb wr_mb_s wr_mrg wr_cnc   wr_rt busy in_prg    io_s  qtime stime
  0.8 {37}       0.0     0.0     0.0     0%    0.0     0.0   788.0     5.6     4.3    19%    0.0     0.5   1%      0   788.0    0.3   0.2
  1.8 {37}       0.0     0.0     0.0     0%    0.0     0.0   388.0     6.4     2.4    23%    0.0     1.1   1%      0   388.0    0.5   0.6
